// Jest Snapshot v1, https://goo.gl/fbAQLP

exports[`Quote should render quotes 1`] = `
<div>
  <div
    class="quotes"
  >
    <q>
      Mathematic is not about numbers, equations, computations, or algorithms: it is about understanding.
    </q>
    <br />
    <h4>
      -William Paul Thurston
    </h4>
  </div>
</div>
`;
